// Jest Snapshot v1, https://goo.gl/fbAQLP

exports[`datasource/bitbucket-tags getReleases returns tags from bitbucket cloud 1`] = `
Object {
  "releases": Array [
    Object {
      "gitRef": "v1.0.0",
      "releaseTimestamp": "2020-11-19T09:05:35+00:00",
      "version": "v1.0.0",
    },
    Object {
      "gitRef": "v1.1.0",
      "version": "v1.1.0",
    },
    Object {
      "gitRef": "v1.1.1",
      "version": "v1.1.1",
    },
  ],
  "sourceUrl": "https://api.bitbucket.org/2.0/some/dep2",
}
`;

exports[`datasource/bitbucket-tags getReleases returns tags from bitbucket cloud 2`] = `
Array [
  Object {
    "headers": Object {
      "accept": "application/json",
      "accept-encoding": "gzip, deflate",
      "host": "api.bitbucket.org",
      "user-agent": "https://github.com/renovatebot/renovate",
    },
    "method": "GET",
    "url": "https://api.bitbucket.org/2.0/repositories/some/dep2/refs/tags",
  },
]
`;
